<html>
<body>
<pre>
<h1>µVision Build Log</h1>
<h2>Tool Versions:</h2>
IDE-Version: ¦ÌVision V5.14.0.0
Copyright (C) 2015 ARM Ltd and ARM Germany GmbH. All rights reserved.
License Information: River River, 123, LIC=GMZLQ-NBWN3-CX4U6-D2IDG-F08QG-39N70
 
Tool Versions:
Toolchain:       MDK-ARM Standard  Version: 5.14.0.0
Toolchain Path:  F:\Keil5\ARM\ARMCC\Bin
C Compiler:      Armcc.exe V5.05 update 1 (build 106)
Assembler:       Armasm.exe V5.05 update 1 (build 106)
Linker/Locator:  ArmLink.exe V5.05 update 1 (build 106)
Library Manager: ArmAr.exe V5.05 update 1 (build 106)
Hex Converter:   FromElf.exe V5.05 update 1 (build 106)
CPU DLL:         SARMCM3.DLL V5.14.0.0
Dialog DLL:      DCM.DLL V1.13.1.0
Target DLL:      STLink\ST-LINKIII-KEIL_SWO.dll V2.0.14.0_KEIL
Dialog DLL:      TCM.DLL V1.14.4.0
 
<h2>Project:</h2>
F:\GitSpace\workspce\STM32F407VET6\USER\LED.uvprojx
Project File Date:  07/20/2021

<h2>Output:</h2>
*** Note: Rebuilding project, since 'Options->Output->Create Batch File' is selected.
Rebuild target 'Test_LED'
compiling main.c...
compiling stm32f4xx_it.c...
compiling system_stm32f4xx.c...
compiling bsp_debug_usart.c...
compiling led.c...
compiling oled.c...
..\HARDWARE\LED\oled.c(178): warning:  #186-D: pointless comparison of unsigned integer with zero
        if((x1<0)||(x2>128)||(y1<0)||(y2>64)||(x1>x2)||(y1>y2))return;
..\HARDWARE\LED\oled.c(178): warning:  #186-D: pointless comparison of unsigned integer with zero
        if((x1<0)||(x2>128)||(y1<0)||(y2>64)||(x1>x2)||(y1>y2))return;
..\HARDWARE\LED\oled.c: 2 warnings, 0 errors
compiling key.c...
compiling sys.c...
assembling startup_stm32f40_41xxx.s...
compiling misc.c...
compiling stm32f4xx_gpio.c...
compiling stm32f4xx_rcc.c...
compiling stm32f4xx_syscfg.c...
compiling stm32f4xx_usart.c...
compiling croutine.c...
compiling event_groups.c...
compiling list.c...
compiling queue.c...
compiling tasks.c...
compiling timers.c...
compiling heap_4.c...
compiling port.c...
linking...
Program Size: Code=16522 RO-data=466 RW-data=164 ZI-data=39516  
FromELF: creating hex file...
"..\OBJ\LED.axf" - 0 Error(s), 2 Warning(s).

<h2>Collection of Component include folders:</h2>
  F:\GitSpace\workspce\STM32F407VET6\USER\RTE
  F:\Keil5\ARM\PACK\Keil\STM32F4xx_DFP\2.11.0

<h2>Collection of Component Files used:</h2>
</pre>
</body>
</html>
